<?xml version="1.0" encoding="utf-8"?><testsuites name="pytest tests"><testsuite name="pytest" errors="0" failures="0" skipped="0" tests="159" time="12.148" timestamp="2026-06-14T13:43:54.784825+02:00" hostname="DESKTOP-3GED6GG"><testcase classname="tests.test_bridge_budget.TestBudgetUsage" name="test_baseline_allocations_use_exactly_the_pool" time="0.071" /><testcase classname="tests.test_bridge_budget.TestBudgetUsage" name="test_halved_spending_uses_half_the_pool" time="0.002" /><testcase classname="tests.test_bridge_budget.TestBudgetUsage" name="test_provinces_without_gdp_are_ignored" time="0.002" /><testcase classname="tests.test_bridge_budget.TestBudgetUsage" name="test_tax_cuts_shrink_the_pool" time="0.002" /><testcase classname="tests.test_bridge_budget.TestBudgetUsage" name="test_tax_raises_grow_the_pool" time="0.002" /><testcase classname="tests.test_bridge_budget.TestBudgetUsage" name="test_tax_cuts_force_spending_to_scale_down" time="0.003" /><testcase classname="tests.test_bridge_budget.TestBudgetConstraint" name="test_within_budget_allocations_are_untouched" time="0.001" /><testcase classname="tests.test_bridge_budget.TestBudgetConstraint" name="test_over_budget_allocations_are_scaled_to_the_pool" time="0.003" /><testcase classname="tests.test_bridge_budget.TestBudgetConstraint" name="test_reserve_extends_the_pool" time="0.002" /><testcase classname="tests.test_bridge_budget.TestConstraintFn" name="test_underspend_accrues_reserve" time="0.002" /><testcase classname="tests.test_bridge_budget.TestConstraintFn" name="test_overspend_without_reserve_leaves_none" time="0.002" /><testcase classname="tests.test_bridge_budget.TestConstraintFn" name="test_overspend_consumes_the_reserve" time="0.003" /><testcase classname="tests.test_bridge_budget.TestConstraintFn" name="test_reserve_never_negative" time="0.002" /><testcase classname="tests.test_bridge_budget.TestParametersFrame" name="test_one_row_per_canonical_province" time="0.013" /><testcase classname="tests.test_bridge_budget.TestParametersFrame" name="test_values_clamped_and_defaulted" time="0.015" /><testcase classname="tests.test_bridge_budget.TestBridgeHelpers" name="test_format_label" time="0.001" /><testcase classname="tests.test_bridge_budget.TestBridgeHelpers" name="test_dataframe_records_replaces_nan_with_none" time="0.005" /><testcase classname="tests.test_bridge_budget.TestBridgeHelpers" name="test_emit_progress_is_prefix_framed_json" time="0.002" /><testcase classname="tests.test_budget" name="test_baseline_pool_is_gdp_share" time="0.002" /><testcase classname="tests.test_budget" name="test_baseline_is_fully_utilised" time="0.002" /><testcase classname="tests.test_budget" name="test_tax_cut_shrinks_pool" time="0.002" /><testcase classname="tests.test_budget" name="test_overspending_is_scaled_to_pool" time="0.002" /><testcase classname="tests.test_budget" name="test_reserve_carries_over_when_underspending" time="0.002" /><testcase classname="tests.test_budget" name="test_reserve_extends_pool_then_empties" time="0.003" /><testcase classname="tests.test_explain.TestPermutationImportance" name="test_returns_one_entry_per_feature_sorted_desc" time="0.011" /><testcase classname="tests.test_explain.TestPermutationImportance" name="test_deterministic_for_a_seed" time="0.018" /><testcase classname="tests.test_explain.TestDistillation" name="test_surrogate_reports_fidelity_and_segments" time="0.023" /><testcase classname="tests.test_explain.TestDistillation" name="test_returns_none_without_features" time="0.001" /><testcase classname="tests.test_explain.TestPosthocBundle" name="test_bundle_shape" time="0.031" /><testcase classname="tests.test_explain.TestPosthocBundle" name="test_neural_policy_explain_uses_bundle" time="0.032" /><testcase classname="tests.test_explain.TestPosthocBundle" name="test_neural_policy_explain_without_env_is_none" time="0.001" /><testcase classname="tests.test_istat_client.TestCachePath" name="test_no_cache_dir_means_no_path" time="0.001" /><testcase classname="tests.test_istat_client.TestCachePath" name="test_distinct_keys_get_distinct_files" time="0.020" /><testcase classname="tests.test_istat_client.TestCachePath" name="test_key_is_sanitized_for_the_filesystem" time="0.003" /><testcase classname="tests.test_istat_client.TestCachePath" name="test_year_range_in_name" time="0.003" /><testcase classname="tests.test_istat_client.TestCaching" name="test_cached_response_short_circuits_the_network" time="0.005" /><testcase classname="tests.test_istat_client.TestCaching" name="test_different_key_misses_the_cache" time="0.004" /><testcase classname="tests.test_istat_client.TestRateLimitBookkeeping" name="test_failed_request_still_counts_for_the_rate_limit" time="0.001" /><testcase classname="tests.test_objectives.TestGini" name="test_perfect_equality_is_zero" time="0.001" /><testcase classname="tests.test_objectives.TestGini" name="test_total_concentration_approaches_one" time="0.001" /><testcase classname="tests.test_objectives.TestGini" name="test_known_two_value_case" time="0.001" /><testcase classname="tests.test_objectives.TestGini" name="test_empty_and_zero_inputs_are_safe" time="0.001" /><testcase classname="tests.test_objectives.TestUtilitarian" name="test_score_is_total_gdp" time="0.002" /><testcase classname="tests.test_objectives.TestUtilitarian" name="test_indifferent_to_distribution" time="0.003" /><testcase classname="tests.test_objectives.TestRawlsian" name="test_score_is_worst_province_scaled" time="0.001" /><testcase classname="tests.test_objectives.TestRawlsian" name="test_growth_elsewhere_does_not_count" time="0.003" /><testcase classname="tests.test_objectives.TestRawlsian" name="test_lifting_the_worst_province_counts" time="0.002" /><testcase classname="tests.test_objectives.TestEgalitarian" name="test_equal_distribution_scores_full_total" time="0.002" /><testcase classname="tests.test_objectives.TestEgalitarian" name="test_inequality_is_penalised_at_same_total" time="0.002" /><testcase classname="tests.test_objectives.TestWellbeing" name="test_baseline_state_scores_zero" time="0.003" /><testcase classname="tests.test_objectives.TestWellbeing" name="test_gdp_growth_alone_raises_score" time="0.004" /><testcase classname="tests.test_objectives.TestWellbeing" name="test_rising_unemployment_lowers_score" time="0.003" /><testcase classname="tests.test_objectives.TestWellbeing" name="test_gdp_gain_can_be_outweighed_by_social_losses" time="0.004" /><testcase classname="tests.test_objectives.TestRegistry" name="test_available_objectives_metadata" time="0.001" /><testcase classname="tests.test_objectives.TestRegistry" name="test_parameterized_objectives_expose_parameters" time="0.001" /><testcase classname="tests.test_objectives.TestRegistry" name="test_build_objective_accepts_and_filters_params" time="0.001" /><testcase classname="tests.test_objectives.TestRegistry" name="test_build_objective_by_id" time="0.001" /><testcase classname="tests.test_objectives.TestRegistry" name="test_unknown_id_falls_back_to_default" time="0.001" /><testcase classname="tests.test_panel_estimation" name="test_two_way_within_removes_entity_offsets" time="0.007" /><testcase classname="tests.test_panel_estimation" name="test_add_lags_shifts_within_entity" time="0.004" /><testcase classname="tests.test_panel_estimation" name="test_learn_couplings_recovers_signs_with_fixed_effects" time="0.039" /><testcase classname="tests.test_panel_estimation" name="test_coupling_agreement_scores_signs" time="0.001" /><testcase classname="tests.test_panel_estimation" name="test_expected_sign_uses_indicator_directions" time="0.001" /><testcase classname="tests.test_panel_estimation" name="test_temporal_backtest_runs_and_separates_from_random" time="0.026" /><testcase classname="tests.test_pareto.TestDominance" name="test_dominates_requires_strict_improvement_somewhere" time="0.001" /><testcase classname="tests.test_pareto.TestDominance" name="test_non_dominated_sort_orders_fronts" time="0.001" /><testcase classname="tests.test_pareto.TestDominance" name="test_crowding_distance_boundary_points_are_infinite" time="0.001" /><testcase classname="tests.test_pareto.TestEvaluateLevers" name="test_metrics_are_finite_and_keyed" time="0.012" /><testcase classname="tests.test_pareto.TestEvaluateLevers" name="test_high_lever_raises_gdp_and_inequality" time="0.019" /><testcase classname="tests.test_pareto.TestNsga2Front" name="test_front_is_mutually_non_dominated" time="0.201" /><testcase classname="tests.test_pareto.TestNsga2Front" name="test_archive_size_and_corner_tags" time="0.200" /><testcase classname="tests.test_pareto.TestNsga2Front" name="test_points_sorted_by_gini_and_in_unit_box" time="0.183" /><testcase classname="tests.test_pareto.TestNsga2Front" name="test_deterministic_for_a_seed" time="0.301" /><testcase classname="tests.test_pareto.TestNsga2Front" name="test_progress_callback_called_per_generation" time="0.146" /><testcase classname="tests.test_pareto.TestClusteredFront" name="test_clustered_points_carry_cluster_tables" time="0.286" /><testcase classname="tests.test_pareto.TestClusteredFront" name="test_clustering_can_separate_provinces" time="0.668" /><testcase classname="tests.test_policy.TestRolloutEnv" name="test_rollout_returns_five_tuple_with_expected_shapes" time="0.013" /><testcase classname="tests.test_policy.TestRolloutEnv" name="test_baseline_gdp_accumulates_lever_a" time="0.012" /><testcase classname="tests.test_policy.TestRolloutEnv" name="test_default_objective_welfare_equals_gdp" time="0.010" /><testcase classname="tests.test_policy.TestRolloutEnv" name="test_rawlsian_objective_scores_worst_province" time="0.019" /><testcase classname="tests.test_policy.TestRolloutEnv" name="test_constraint_fn_receives_and_returns_reserve" time="0.012" /><testcase classname="tests.test_policy.TestRolloutEnv" name="test_params_frame_clamps_and_fills_defaults" time="0.004" /><testcase classname="tests.test_policy.TestRolloutEnv" name="test_score_is_cumulative_gdp" time="0.011" /><testcase classname="tests.test_policy.TestPolicies" name="test_baseline_decide_covers_all_provinces" time="0.002" /><testcase classname="tests.test_policy.TestPolicies" name="test_neural_decide_respects_bounds" time="0.003" /><testcase classname="tests.test_policy.TestPolicies" name="test_neural_is_deterministic_for_a_seed" time="0.005" /><testcase classname="tests.test_policy.TestPolicies" name="test_neural_fit_improves_or_keeps_score" time="0.309" /><testcase classname="tests.test_policy.TestPolicies" name="test_neural_fit_optimizes_env_objective" time="0.320" /><testcase classname="tests.test_policy.TestPolicies" name="test_fit_progress_callback_called" time="0.111" /><testcase classname="tests.test_policy.TestPolicies" name="test_uniform_decide_is_identical_across_provinces_and_in_bounds" time="0.002" /><testcase classname="tests.test_policy.TestPolicies" name="test_uniform_fit_improves_or_keeps_score" time="0.339" /><testcase classname="tests.test_policy.TestPolicies" name="test_uniform_fit_works_under_any_objective" time="0.355" /><testcase classname="tests.test_policy.TestPolicies" name="test_blended_full_blend_matches_inner_policy" time="0.005" /><testcase classname="tests.test_policy.TestPolicies" name="test_blended_zero_blend_is_baseline" time="0.003" /><testcase classname="tests.test_policy.TestPolicies" name="test_blended_half_blend_is_halfway" time="0.005" /><testcase classname="tests.test_policy.TestPolicies" name="test_blended_clamps_blend_into_unit_interval" time="0.001" /><testcase classname="tests.test_policy.TestLinearPolicy" name="test_decide_respects_bounds" time="0.003" /><testcase classname="tests.test_policy.TestLinearPolicy" name="test_deterministic_for_a_seed" time="0.005" /><testcase classname="tests.test_policy.TestLinearPolicy" name="test_fit_improves_or_keeps_score" time="0.308" /><testcase classname="tests.test_policy.TestLinearPolicy" name="test_explain_exposes_signed_weight_matrix" time="0.002" /><testcase classname="tests.test_policy.TestDecisionListPolicy" name="test_decide_in_bounds_with_at_most_two_levels_per_lever" time="0.003" /><testcase classname="tests.test_policy.TestDecisionListPolicy" name="test_fit_improves_or_keeps_score" time="0.481" /><testcase classname="tests.test_policy.TestDecisionListPolicy" name="test_explain_emits_one_rule_per_lever" time="0.002" /><testcase classname="tests.test_policy.TestClusterLeverPolicy" name="test_same_cluster_means_same_levers" time="0.005" /><testcase classname="tests.test_policy.TestClusterLeverPolicy" name="test_decide_respects_bounds" time="0.006" /><testcase classname="tests.test_policy.TestClusterLeverPolicy" name="test_fit_improves_or_keeps_score" time="0.333" /><testcase classname="tests.test_policy.TestClusterLeverPolicy" name="test_explain_covers_every_province" time="0.003" /><testcase classname="tests.test_policy.TestBayesianUniformPolicy" name="test_decide_is_identical_across_provinces" time="0.002" /><testcase classname="tests.test_policy.TestBayesianUniformPolicy" name="test_fit_improves_or_keeps_score" time="0.107" /><testcase classname="tests.test_policy.TestBayesianUniformPolicy" name="test_explain_partial_dependence_after_fit" time="0.104" /><testcase classname="tests.test_policy.TestBayesianUniformPolicy" name="test_explain_before_fit_falls_back_to_lever_table" time="0.002" /><testcase classname="tests.test_policy.TestRegistry" name="test_available_models_metadata" time="0.001" /><testcase classname="tests.test_policy.TestRegistry" name="test_explainability_spectrum_is_exposed" time="0.001" /><testcase classname="tests.test_policy.TestRegistry" name="test_build_policy_by_id" time="0.001" /><testcase classname="tests.test_policy.TestRegistry" name="test_build_policy_resolves_legacy_gdp_nn_alias" time="0.001" /><testcase classname="tests.test_policy.TestRegistry" name="test_build_policy_unknown_id_falls_back_to_neural" time="0.001" /><testcase classname="tests.test_provenance" name="test_missing_indicator_is_unknown" time="0.005" /><testcase classname="tests.test_provenance" name="test_province_level_csv_is_measured" time="0.023" /><testcase classname="tests.test_provenance" name="test_national_only_csv_is_disaggregated" time="0.018" /><testcase classname="tests.test_provenance" name="test_panel_provenance_labels_are_valid" time="0.018" /><testcase classname="tests.test_province_mapping.TestProvinceCanon" name="test_110_unique_siglas" time="0.001" /><testcase classname="tests.test_province_mapping.TestProvinceCanon" name="test_siglas_are_sorted" time="0.001" /><testcase classname="tests.test_province_mapping.TestProvinceCanon" name="test_every_sigla_has_a_region" time="0.001" /><testcase classname="tests.test_province_mapping.TestMapAreaCode" name="test_passthrough_sigla" time="0.001" /><testcase classname="tests.test_province_mapping.TestMapAreaCode" name="test_iso_format" time="0.001" /><testcase classname="tests.test_province_mapping.TestMapAreaCode" name="test_nuts_code" time="0.001" /><testcase classname="tests.test_province_mapping.TestMapAreaCode" name="test_legacy_istat_prefix" time="0.001" /><testcase classname="tests.test_province_mapping.TestMapAreaCode" name="test_municipal_six_digit" time="0.001" /><testcase classname="tests.test_province_mapping.TestMapAreaCode" name="test_numeric_code_with_lost_leading_zeros" time="0.001" /><testcase classname="tests.test_province_mapping.TestMapAreaCode" name="test_invalid_inputs" time="0.001" /><testcase classname="tests.test_twin.TestCausalGraph" name="test_get_affected_indicators" time="0.001" /><testcase classname="tests.test_twin.TestCausalGraph" name="test_get_influencing_parameters" time="0.001" /><testcase classname="tests.test_twin.TestCausalGraph" name="test_get_dependent_indicators" time="0.001" /><testcase classname="tests.test_twin.TestCausalGraph" name="test_parameter_effect_direction" time="0.001" /><testcase classname="tests.test_twin.TestCausalGraph" name="test_parameter_reference_uses_historical_scale" time="0.001" /><testcase classname="tests.test_twin.TestIndicatorModel" name="test_model_creation" time="0.001" /><testcase classname="tests.test_twin.TestIndicatorModel" name="test_model_training" time="0.007" /><testcase classname="tests.test_twin.TestIndicatorModel" name="test_model_prediction" time="0.007" /><testcase classname="tests.test_twin.TestIndicatorModel" name="test_feature_importance" time="0.005" /><testcase classname="tests.test_twin.TestModelTrainer" name="test_trainer_creation" time="0.001" /><testcase classname="tests.test_twin.TestModelTrainer" name="test_prepare_feature_matrix" time="0.017" /><testcase classname="tests.test_twin.TestModelTrainer" name="test_save_and_load" time="0.021" /><testcase classname="tests.test_twin.TestSimulator" name="test_simulator_creation" time="0.002" /><testcase classname="tests.test_twin.TestSimulator" name="test_bounds_application" time="0.004" /><testcase classname="tests.test_twin.TestSimulator" name="test_causal_rules_application" time="0.003" /><testcase classname="tests.test_twin.TestSimulator" name="test_causal_rule_strength_is_configurable" time="0.006" /><testcase classname="tests.test_twin.TestSimulator" name="test_post_propagation_bounds_are_reapplied" time="0.020" /><testcase classname="tests.test_twin.TestParameterAlignment" name="test_shuffled_parameter_rows_give_identical_results" time="0.029" /><testcase classname="tests.test_twin.TestParameterAlignment" name="test_missing_province_falls_back_to_baseline_levers" time="0.029" /><testcase classname="tests.test_twin.TestIntegration" name="test_end_to_end_pipeline" time="0.054" /><testcase classname="tests.test_utils.TestToJson" name="test_nan_becomes_null_and_output_is_valid_json" time="0.006" /><testcase classname="tests.test_utils.TestScenarioBuilder" name="test_baseline_scenario_shape" time="0.001" /><testcase classname="tests.test_utils.TestScenarioBuilder" name="test_create_variant_applies_from_change_year_onwards" time="0.002" /><testcase classname="tests.test_utils.TestScenarioBuilder" name="test_sensitivity_sweep_one_scenario_per_value" time="0.002" /><testcase classname="tests.test_utils.TestAnalysisTools" name="test_compare_scenarios_metrics" time="0.003" /><testcase classname="tests.test_utils.TestAnalysisTools" name="test_compare_scenarios_missing_year" time="0.002" /><testcase classname="tests.test_utils.TestAnalysisTools" name="test_impact_analysis_before_after" time="0.002" /><testcase classname="tests.test_utils.TestAnalysisTools" name="test_impact_analysis_missing_indicator" time="0.001" /><testcase classname="tests.test_utils.TestAnalysisTools" name="test_provincial_inequality_equal_values_zero_gini" time="0.003" /></testsuite></testsuites>